src/modules/ArtistHub/components/CareerRoadmap.tsx(124,11): error TS6133: 'overallProgress' is declared but its value is never read.
src/modules/ArtistHub/components/RoyaltiesTab.tsx(1,17): error TS6133: 'useState' is declared but its value is never read.
src/modules/ArtistHub/components/RoyaltiesTab.tsx(9,68): error TS6133: 'onUpdate' is declared but its value is never read.
src/modules/ArtistHub/pages/PublicTrackRegistration.tsx(158,64): error TS6133: 'index' is declared but its value is never read.
